 parley     Topic: test topic     :1234  
──────────│           parley             
┃ sle 10:3│ PARTICIPANTS                 
┃         │                              
┃ Hello[0m[38;5;252m[38;5;252m [0m[0m  │ ──────────────────────────   
┃ everyone[0m│ sle                          
          │ ──────────────────────────   
          │ Alice  claude                
          │   /home/alice/project        
──────────────────────────────────────── 
 ❯ ┃ Type a message… (Enter to send)     
 ┃                                       
 ? help                     ● connected  