 parley                         Topic: test topic                         :1234  
          — Alice has joined — backend —          │           parley             
──────────────────────────────────────────────────│ PARTICIPANTS                 
┃ sle 10:31                                       │                              
┃                                                 │ ──────────────────────────   
┃ Hello[0m[38;5;252m everyone[0m[38;5;252m [0m[38;5;252m [0m[38;5;252m [0m[38;5;252m [0m[38;5;252m [0m[38;5;252m [0m[38;5;252m [0m[38;5;252m [0m[38;5;252m [0m[38;5;252m [0m[38;5;252m [0m[38;5;252m [0m[38;5;252m [0m[38;5;252m [0m[38;5;252m [0m[38;5;252m [0m[38;5;252m [0m[38;5;252m [0m[38;5;252m [0m[38;5;252m [0m[38;5;252m [0m[38;5;252m [0m[38;5;252m [0m[38;5;252m [0m[38;5;252m [0m[38;5;252m [0m[38;5;252m [0m[38;5;252m [0m[38;5;252m [0m     │ sle                          
                                                  │ ──────────────────────────   
                                                  │ Alice  claude                
                                                  │   /home/alice/project        
                                                  │                              
                                                  │                              
                                                  │                              
                                                  │                              
                                                  │                              
                                                  │                              
                                                  │                              
                                                  │                              
                                                  │                              
                                                  │                              
                                                  │                              
──────────────────────────────────────────────────────────────────────────────── 
 ❯ ┃ Type a message… (Enter to send)                                             
 ┃                                                                               
 ? help                                                             ● connected  