 parley                            test topic                             :1234  
[system] Alice has joined — backend                 │ participants               
sle 10:31                                           │                            
Hello everyone                                      │ sle                        
                                                    │                            
                                                    │ Alice  backend             
                                                    │   claude                   
                                                    │   /home/alice/project      
                                                    │                            
                                                    │                            
                                                    │                            
                                                    │                            
                                                    │                            
                                                    │                            
                                                    │                            
                                                    │                            
                                                    │                            
                                                    │                            
                                                    │                            
                                                    │                            
                                                    │                            
                                                    │                            
──────────────────────────────────────────────────────────────────────────────── 
 ┃ Type a message… (Enter to send)                                               