 parley     Topic: test topic     :1234  
Alice has   │ participants               
joined —    │                            
backend     │ sle                        
┃ sle 10:31 │                            
┃           │ Alice  backend             
┃   Hello   │   claude                   
┃   everyone│   /home/alice/project      
            │                            
──────────────────────────────────────── 
 ┃ Type a message… (Enter to send)       