 parley                         Topic: test topic                         :1234  
[system] Alice has joined — backend                 │ participants               
┃ sle 10:31                                         │                            
┃                                                   │ sle                        
┃ [38;5;252m[0m[38;5;252m[0m  [38;5;252mHello[0m[38;5;252m everyone[0m[38;5;252m [0m[38;5;252m [0m[38;5;252m [0m[38;5;252m [0m[38;5;252m [0m[38;5;252m [0m[38;5;252m [0m[38;5;252m [0m[38;5;252m [0m[38;5;252m [0m[38;5;252m [0m[38;5;252m [0m[38;5;252m [0m[38;5;252m [0m[38;5;252m [0m[38;5;252m [0m[38;5;252m [0m[38;5;252m [0m[38;5;252m [0m[38;5;252m [0m[38;5;252m [0m[38;5;252m [0m[38;5;252m [0m[38;5;252m [0m[38;5;252m [0m[38;5;252m [0m[38;5;252m [0m[38;5;252m [0m[38;5;252m [0m[38;5;252m [0m[38;5;252m [0m[38;5;252m [0m  │                            
                                                    │ Alice                      
                                                    │   claude                   
                                                    │   /home/alice/project      
                                                    │                            
                                                    │                            
                                                    │                            
                                                    │                            
                                                    │                            
                                                    │                            
                                                    │                            
                                                    │                            
                                                    │                            
                                                    │                            
                                                    │                            
                                                    │                            
                                                    │                            
                                                    │                            
──────────────────────────────────────────────────────────────────────────────── 
 ┃ Type a message… (Enter to send)                                               